reading 5701 1-grams
reading 16134 2-grams
reading 37835 3-grams
skipping 8896 4-grams
../../../../lm/test/tests/class-ngram/newlabels+spell.classes: line 212: word s. has multiple class memberships
../../../../lm/test/tests/class-ngram/newlabels+spell.classes: line 212: class SPELLED_GRIDLABEL expands to string of more than one word
../../../../lm/test/tests/class-ngram/newlabels+spell.classes: line 212: word f. has multiple class memberships
../../../../lm/test/tests/class-ngram/newlabels+spell.classes: line 212: class SPELLED_GRIDLABEL expands to string of more than one word
../../../../lm/test/tests/class-ngram/newlabels+spell.classes: line 212: word k. has multiple class memberships
../../../../lm/test/tests/class-ngram/newlabels+spell.classes: line 212: class SPELLED_GRIDLABEL expands to string of more than one word
../../../../lm/test/tests/class-ngram/newlabels+spell.classes: line 212: word o. has multiple class memberships
../../../../lm/test/tests/class-ngram/newlabels+spell.classes: line 212: class SPELLED_GRIDLABEL expands to string of more than one word
../../../../lm/test/tests/class-ngram/newlabels+spell.classes: line 212: word w. has multiple class memberships
../../../../lm/test/tests/class-ngram/newlabels+spell.classes: line 212: class SPELLED_GRIDLABEL expands to string of more than one word
../../../../lm/test/tests/class-ngram/newlabels+spell.classes: line 212: word d. has multiple class memberships
../../../../lm/test/tests/class-ngram/newlabels+spell.classes: line 212: class SPELLED_GRIDLABEL expands to string of more than one word
../../../../lm/test/tests/class-ngram/newlabels+spell.classes: line 212: word a. has multiple class memberships
../../../../lm/test/tests/class-ngram/newlabels+spell.classes: line 212: class SPELLED_GRIDLABEL expands to string of more than one word
../../../../lm/test/tests/class-ngram/newlabels+spell.classes: line 212: word b. has multiple class memberships
../../../../lm/test/tests/class-ngram/newlabels+spell.classes: line 212: class SPELLED_GRIDLABEL expands to string of more than one word
../../../../lm/test/tests/class-ngram/newlabels+spell.classes: line 212: word h. has multiple class memberships
../../../../lm/test/tests/class-ngram/newlabels+spell.classes: line 212: class SPELLED_GRIDLABEL expands to string of more than one word
../../../../lm/test/tests/class-ngram/newlabels+spell.classes: line 212: class SPELLED_GRIDLABEL expands to string of more than one word
../../../../lm/test/tests/class-ngram/newlabels+spell.classes: line 212: class SPELLED_GRIDLABEL expands to string of more than one word
../../../../lm/test/tests/class-ngram/newlabels+spell.classes: line 212: word c. has multiple class memberships
../../../../lm/test/tests/class-ngram/newlabels+spell.classes: line 212: class SPELLED_GRIDLABEL expands to string of more than one word
../../../../lm/test/tests/class-ngram/newlabels+spell.classes: line 212: class SPELLED_GRIDLABEL expands to string of more than one word
../../../../lm/test/tests/class-ngram/newlabels+spell.classes: line 212: word g. has multiple class memberships
../../../../lm/test/tests/class-ngram/newlabels+spell.classes: line 212: class SPELLED_GRIDLABEL expands to string of more than one word
../../../../lm/test/tests/class-ngram/newlabels+spell.classes: line 212: word r. has multiple class memberships
../../../../lm/test/tests/class-ngram/newlabels+spell.classes: line 212: class SPELLED_GRIDLABEL expands to string of more than one word
../../../../lm/test/tests/class-ngram/newlabels+spell.classes: line 212: word n. has multiple class memberships
../../../../lm/test/tests/class-ngram/newlabels+spell.classes: line 212: class SPELLED_GRIDLABEL expands to string of more than one word
../../../../lm/test/tests/class-ngram/newlabels+spell.classes: line 212: word l. has multiple class memberships
../../../../lm/test/tests/class-ngram/newlabels+spell.classes: line 212: class SPELLED_GRIDLABEL expands to string of more than one word
../../../../lm/test/tests/class-ngram/newlabels+spell.classes: line 212: word m. has multiple class memberships
../../../../lm/test/tests/class-ngram/newlabels+spell.classes: line 212: class SPELLED_GRIDLABEL expands to string of more than one word
../../../../lm/test/tests/class-ngram/newlabels+spell.classes: line 212: class SPELLED_GRIDLABEL expands to string of more than one word
../../../../lm/test/tests/class-ngram/newlabels+spell.classes: line 212: word v. has multiple class memberships
../../../../lm/test/tests/class-ngram/newlabels+spell.classes: line 212: class SPELLED_GRIDLABEL expands to string of more than one word
../../../../lm/test/tests/class-ngram/newlabels+spell.classes: line 212: class SPELLED_GRIDLABEL expands to string of more than one word
../../../../lm/test/tests/class-ngram/newlabels+spell.classes: line 212: word t. has multiple class memberships
../../../../lm/test/tests/class-ngram/newlabels+spell.classes: line 212: class SPELLED_GRIDLABEL expands to string of more than one word
../../../../lm/test/tests/class-ngram/newlabels+spell.classes: line 212: word u. has multiple class memberships
../../../../lm/test/tests/class-ngram/newlabels+spell.classes: line 212: class SPELLED_GRIDLABEL expands to string of more than one word
../../../../lm/test/tests/class-ngram/newlabels+spell.classes: line 212: word p. has multiple class memberships
../../../../lm/test/tests/class-ngram/newlabels+spell.classes: line 212: class SPELLED_GRIDLABEL expands to string of more than one word
../../../../lm/test/tests/class-ngram/newlabels+spell.classes: line 212: word e. has multiple class memberships
../../../../lm/test/tests/class-ngram/newlabels+spell.classes: line 212: class SPELLED_GRIDLABEL expands to string of more than one word
processing file ../lattice-expansion/g07a01_unpr_A_0015080_0015309.gz
     to be dumped to tmp/g07a01_unpr_A_0015080_0015309.gz
Lattice::readPFSGs: reading in nested PFSGs...
reducing input lattices (overlap ratio = 0)
Lattice::simplePackBigramLattice: starting packing.... (64 nodes)
Lattice::simplePackBigramLattice: done with B Reduction (45 nodes)
Lattice::simplePackBigramLattice: done with F Reduction (44 nodes)
Lattice::simplePackBigramLattice: done with B Reduction (44 nodes)
Lattice::simplePackBigramLattice: done with F Reduction (44 nodes)
Lattice::expandToLM: starting compact expansion to general LM (maxNodes = 0) ...
Lattice::writeCompactPFSG: writing 80 nodes, 191 transitions
processing file ../lattice-expansion/g07a01_unpr_A_0017232_0017558.gz
     to be dumped to tmp/g07a01_unpr_A_0017232_0017558.gz
Lattice::readPFSGs: reading in nested PFSGs...
reducing input lattices (overlap ratio = 0)
Lattice::simplePackBigramLattice: starting packing.... (414 nodes)
Lattice::simplePackBigramLattice: done with B Reduction (348 nodes)
Lattice::simplePackBigramLattice: done with F Reduction (335 nodes)
Lattice::simplePackBigramLattice: done with B Reduction (334 nodes)
Lattice::simplePackBigramLattice: done with F Reduction (334 nodes)
Lattice::expandToLM: starting compact expansion to general LM (maxNodes = 0) ...
Lattice::writeCompactPFSG: writing 604 nodes, 2802 transitions
