-6 -24.6006 3 <s> a c b </s> 
-6 -28.4986 2 <s> a b </s> 
1 LEXEME corpus_sess A 10.00 0.00 <s> lex corpus_sess_A <NA>
1 LEXEME corpus_sess A 10.00 0.10 a lex corpus_sess_A <NA>
1 SU     corpus_sess A 10.10 X <NA> statement corpus_sess_A <NA>
1 LEXEME corpus_sess A 10.10 0.10 c lex corpus_sess_A <NA>
1 SU     corpus_sess A 10.20 X <NA> statement corpus_sess_A <NA>
1 LEXEME corpus_sess A 10.20 0.10 b lex corpus_sess_A <NA>
1 LEXEME corpus_sess A 10.30 0.00 </s> lex corpus_sess_A <NA>
2 LEXEME corpus_sess A 10.00 0.00 <s> lex corpus_sess_A <NA>
2 LEXEME corpus_sess A 10.00 0.10 a lex corpus_sess_A <NA>
2 SU     corpus_sess A 10.10 X <NA> statement corpus_sess_A <NA>
2 SU     corpus_sess A 10.20 X <NA> statement corpus_sess_A <NA>
2 SU     corpus_sess A 10.20 X <NA> statement corpus_sess_A <NA>
2 LEXEME corpus_sess A 10.20 0.10 b lex corpus_sess_A <NA>
2 LEXEME corpus_sess A 10.30 0.00 </s> lex corpus_sess_A <NA>
