test.htk <s> a b </s>
test.htk <s> a b </s>
test.htk <s> a c b </s>
test.htk <s> a c b </s>
