</s>	1
<s>	1
<s> a	1
<s> a b	0.245648
<s> a b </s>	0.245648
<s> a c	0.754351
<s> a c b	0.754351
<s> a c b </s>	0.754351
a	1
a b	0.245648
a b </s>	0.245648
a c	0.754351
a c b	0.754351
a c b </s>	0.754351
b	1
b </s>	1
c	0.754351
c b	0.754351
c b </s>	0.754351
