reading 5 1-grams
skipping 5 2-grams
reading 5 1-grams
skipping 5 2-grams
Lattice::readPFSGs: reading in nested PFSGs...
reading 5 1-grams
reading 5 2-grams
reading 5 1-grams
reading 5 2-grams
Lattice::readPFSGs: reading in nested PFSGs...
