name g07a01_unpr_A_0015080_0015309
nodes 89 NULL NULL arming i'm arming i we're aw uh arming oh firming arming arming arming arming arming on at at at kaybeck uh uh uh kaybeck it it it kaybeck kaybeck kaybeck kaybeck kaybeck kaybeck kaybeck kaybeck kaybeck an- m- i'm him m. ping ping aim and ping ping ping ping ping ping ping ping ok k- -pau- -pau- -pau- -pau- -pau- -pau- -pau- -pau- -pau- -pau- -pau- -pau- -pau- -pau- -pau- -pau- -pau- -pau- -pau- -pau- -pau- -pau- -pau- -pau- -pau- -pau- -pau- -pau- -pau- -pau- -pau- -pau-
initial 1
final 0
transitions 214
1 57 0
2 17 -27587
2 60 0
3 4 -26379
3 15 -26379
4 59 0
5 16 -70205
6 16 -69840
7 16 -59270
8 9 -50428
8 13 -50428
9 68 0
10 14 -60301
11 62 0
12 17 -27587
12 61 0
13 17 -33708
13 67 0
14 17 -28774
14 66 0
15 17 -48773
15 58 0
16 17 -28774
16 69 0
17 73 0
18 65 0
19 72 0
20 76 0
21 46 -4920
21 48 -62501
21 38 -62326
21 42 -71409
22 64 0
23 71 0
24 75 0
25 40 -53555
25 46 -8305
25 48 -58692
26 63 0
27 70 0
28 74 0
29 46 -13957
29 48 -57997
30 46 -5774
30 48 -66047
31 46 -10077
31 48 -60035
32 42 -69036
32 45 -90505
32 46 -13131
32 48 -62782
32 38 -72358
32 39 -109977
32 40 -57431
32 41 -74417
33 42 -83251
33 45 -104728
33 46 -13957
33 48 -57997
33 38 -86572
33 39 -124282
33 40 -71715
33 41 -88676
34 42 -74483
34 45 -95973
34 46 -5774
34 48 -66047
34 38 -77802
34 39 -115667
34 40 -63065
34 41 -79982
35 42 -71409
35 45 -104952
35 46 -4920
35 48 -62501
35 38 -62326
35 39 -124682
35 40 -72071
35 41 -88976
36 42 -78249
36 45 -95535
36 46 -8305
36 48 -58692
36 38 -77385
36 39 -115036
36 40 -53555
36 41 -79460
37 42 -77613
37 45 -98950
37 46 -10077
37 48 -60035
37 38 -80947
37 39 -117145
37 40 -64897
37 41 -82284
38 49 -69079
39 43 -74214
39 50 -74214
40 51 -94123
41 52 -91801
42 44 -98000
42 53 -98000
43 80 0
44 82 0
45 53 -84610
46 47 -50829
46 54 -50829
47 55 -27722
47 87 0
48 55 -35060
48 56 -70179
48 84 0
49 55 -39888
49 56 -87437
49 83 0
50 55 -41045
50 56 -88611
50 79 0
51 55 -36607
51 56 -84163
51 78 0
52 55 -39791
52 56 -87469
52 77 0
53 55 -36607
53 56 -84163
53 81 0
54 55 -27722
54 56 -84833
54 85 0
55 88 0
56 86 0
57 10 -40351
57 11 -105255
57 12 -45701
57 5 -41827
57 6 -60907
57 3 -38178
57 2 -45701
57 7 -98385
57 8 -38973
58 19 -45955
58 23 -48084
58 27 -21962
58 29 -82911
58 33 -82911
59 23 -48084
59 27 -21962
60 19 -21469
60 23 -48472
60 29 -72165
60 33 -72165
61 19 -21469
61 23 -48472
61 27 -48472
61 29 -72165
61 33 -72165
62 18 -50396
62 22 -50722
62 26 -47851
62 32 -75110
63 31 -88498
63 37 -88498
64 25 -66485
64 36 -66485
65 21 -52395
65 35 -52395
66 19 -25892
66 23 -50635
66 27 -32930
66 29 -76327
66 33 -76327
67 19 -24169
67 23 -48911
67 27 -31881
67 29 -72649
67 33 -72649
68 27 -31881
68 29 -72649
68 33 -72649
69 19 -25892
69 23 -50635
69 27 -32930
69 29 -76327
69 33 -76327
70 31 -98085
70 37 -98085
71 25 -67128
71 36 -67128
72 21 -48742
72 35 -48742
73 20 -63596
73 24 -50251
73 28 -45064
73 30 -55925
73 34 -55925
74 31 -72497
74 37 -72497
75 25 -63931
75 36 -63931
76 21 -52395
76 35 -52395
77 0 -15838
78 0 -12554
79 0 -6136
80 0 -6136
81 0 -12554
82 0 -12554
83 0 -15829
84 0 -7403
85 0 -5480
86 0 -17324
87 0 -5480
88 0 -10975

