name g07a01_unpr_A_0015080_0015309
nodes 80 NULL NULL -pau- arming firming oh uh aw we're i i'm arming on on -pau- kaybeck kaybeck uh at kaybeck arming arming -pau- it arming arming arming -pau- -pau- uh at -pau- -pau- -pau- -pau- -pau- -pau- -pau- -pau- it uh -pau- -pau- -pau- kaybeck kaybeck i'm and ping -pau- -pau- kaybeck kaybeck m. an- -pau- -pau- kaybeck kaybeck kaybeck kaybeck aim him m- ping ping ping ping ping -pau- -pau- ping ping ok -pau- k- -pau- -pau- -pau- -pau-
initial 0
final 1
transitions 191
0 2 0
2 7 -100346
2 8 -64873
2 9 -44506
2 4 -105255
2 10 -38178
2 11 -45701
2 3 -45701
2 5 -40580
2 6 -40834
3 12 -32777
3 13 -27587
3 32 0
4 28 -2997
5 24 -60072
6 25 -48566
6 24 -46842
6 26 -48566
7 24 -57309
8 24 -65874
9 24 -67526
10 20 -26379
10 21 -26379
11 12 -32777
11 13 -27587
11 14 0
12 35 0
12 36 -11007
12 37 0
13 35 -5190
13 36 -16197
13 38 0
14 15 -72169
14 16 -86419
14 17 -48472
14 18 -21469
14 19 -72169
15 47 -13951
15 48 -57991
16 46 -55983
16 47 -13092
16 48 -62757
16 53 -90392
16 54 -72317
16 61 -92936
16 62 -77476
16 63 -110247
17 42 0
18 50 0
19 47 -13951
19 48 -57991
20 12 -53963
20 13 -48773
20 33 0
21 22 0
22 23 -31549
22 17 -48084
23 55 0
24 12 -33964
24 13 -28774
24 31 0
25 12 -38898
25 13 -33708
25 34 0
25 31 1724
26 27 0
27 23 -41468
27 15 -72656
27 16 -86906
27 19 -72656
28 23 -44854
28 29 -47724
28 16 -72157
28 30 -47399
29 41 0
30 49 0
31 15 -76335
31 16 -90585
31 23 -42517
31 17 -50635
31 18 -25892
31 19 -76335
32 15 -72169
32 16 -86419
32 23 -58058
32 17 -48472
32 18 -21469
32 19 -72169
33 15 -82931
33 16 -97181
33 23 -31549
33 17 -48084
33 18 -45955
33 19 -82931
34 23 -41468
34 15 -72656
34 16 -86906
34 19 -72656
35 39 -39874
35 40 -45061
36 23 -44854
36 30 -47399
36 29 -47724
37 59 -61934
37 16 -67415
37 60 -61934
38 59 -55927
38 16 -61408
38 60 -55927
39 56 0
40 43 0
41 44 -66509
41 16 -71556
41 45 -66509
42 44 -67143
42 16 -72190
42 45 -67143
43 44 -63941
43 16 -68988
43 45 -63941
44 47 -8283
44 53 -100803
44 46 -51972
44 48 -58675
45 46 -51972
45 47 -8283
45 48 -58675
46 64 -95778
47 64 -51524
47 71 -50828
47 72 -50828
48 75 -74533
48 73 -35059
48 77 0
49 51 -52396
49 16 -66857
49 52 -52396
50 51 -48742
50 16 -63202
50 52 -48742
51 47 -4919
51 53 -91409
51 48 -62501
51 54 -62325
52 47 -4919
52 53 -91409
52 48 -62501
52 54 -62325
53 64 -72981
53 67 -69909
53 68 -69909
54 64 -72379
55 57 -88611
55 16 -97152
55 58 -88611
56 57 -72510
56 16 -81051
56 58 -72510
57 47 -9974
57 48 -59956
58 47 -9974
58 48 -59956
59 47 -5769
59 48 -66046
60 47 -5769
60 48 -66046
61 64 -82221
62 64 -92294
63 64 -78709
63 65 -74247
63 66 -74247
64 75 -88507
64 73 -36638
64 76 0
65 69 0
66 69 0
67 70 0
68 70 0
69 1 -6114
70 1 -13764
71 73 -27722
71 74 0
72 73 -27722
72 74 0
73 78 0
74 1 -5479
75 79 0
76 1 -12538
77 1 -7394
78 1 -10980
79 1 -12965

