reading 5701 1-grams
reading 16134 2-grams
reading 37835 3-grams
reading 8896 4-grams
