NBEST_0 -25.9466 NNP B-NP NNP I-NP NNP I-NP POS B-NP NNP I-NP NN I-NP VBD B-VP PRP B-NP VBD B-VP DT B-NP JJ I-NP NN I-NP VBG B-VP PRP$ B-NP NN I-NP IN B-PP NNP B-NP NNP I-NP TO B-VP VB I-VP JJ B-NP NNS I-NP IN B-PP NNP B-NP POS B-NP CD I-NP NNS I-NP .
NBEST_1 -25.9469 NNP B-NP NNP I-NP NNP I-NP POS B-NP NNP I-NP NN I-NP VBD B-VP PRP B-NP VBD B-VP DT B-NP JJ I-NP NN I-NP VBG B-VP PRP$ B-NP NN I-NP IN B-PP NNP B-NP NNP I-NP TO B-VP VB I-VP JJ B-NP NNS I-NP IN B-PP NNP B-NP POS B-NP CD I-NP NNS I-NP . O
NBEST_2 -26.019 NNP I-NP NNP I-NP NNP I-NP POS B-NP NNP I-NP NN I-NP VBD B-VP PRP B-NP VBD B-VP DT B-NP JJ I-NP NN I-NP VBG B-VP PRP$ B-NP NN I-NP IN B-PP NNP B-NP NNP I-NP TO B-VP VB I-VP JJ B-NP NNS I-NP IN B-PP NNP B-NP POS B-NP CD I-NP NNS I-NP .
NBEST_3 -26.0192 NNP I-NP NNP I-NP NNP I-NP POS B-NP NNP I-NP NN I-NP VBD B-VP PRP B-NP VBD B-VP DT B-NP JJ I-NP NN I-NP VBG B-VP PRP$ B-NP NN I-NP IN B-PP NNP B-NP NNP I-NP TO B-VP VB I-VP JJ B-NP NNS I-NP IN B-PP NNP B-NP POS B-NP CD I-NP NNS I-NP . O
NBEST_4 -26.6595 NNP B-NP NNP I-NP NNP I-NP POS B-NP NNP I-NP NN I-NP VBD B-VP PRP B-NP VBD B-VP DT B-NP JJ I-NP NN I-NP VBG B-VP PRP$ B-NP NN I-NP IN B-PP NNP B-NP NNP I-NP TO B-VP VB I-VP JJ B-NP NNS I-NP IN B-PP NNP B-NP POS B-NP CD B-NP NNS I-NP .
NBEST_5 -26.6598 NNP B-NP NNP I-NP NNP I-NP POS B-NP NNP I-NP NN I-NP VBD B-VP PRP B-NP VBD B-VP DT B-NP JJ I-NP NN I-NP VBG B-VP PRP$ B-NP NN I-NP IN B-PP NNP B-NP NNP I-NP TO B-VP VB I-VP JJ B-NP NNS I-NP IN B-PP NNP B-NP POS B-NP CD B-NP NNS I-NP . O
NBEST_6 -26.7319 NNP I-NP NNP I-NP NNP I-NP POS B-NP NNP I-NP NN I-NP VBD B-VP PRP B-NP VBD B-VP DT B-NP JJ I-NP NN I-NP VBG B-VP PRP$ B-NP NN I-NP IN B-PP NNP B-NP NNP I-NP TO B-VP VB I-VP JJ B-NP NNS I-NP IN B-PP NNP B-NP POS B-NP CD B-NP NNS I-NP .
NBEST_7 -26.7322 NNP I-NP NNP I-NP NNP I-NP POS B-NP NNP I-NP NN I-NP VBD B-VP PRP B-NP VBD B-VP DT B-NP JJ I-NP NN I-NP VBG B-VP PRP$ B-NP NN I-NP IN B-PP NNP B-NP NNP I-NP TO B-VP VB I-VP JJ B-NP NNS I-NP IN B-PP NNP B-NP POS B-NP CD B-NP NNS I-NP . O
NBEST_8 -27.609 NNP B-NP NNP I-NP NNP I-NP POS B-NP NNP I-NP NN I-NP VBD B-VP PRP B-NP VBD B-VP DT B-NP JJ I-NP NN I-NP VBG B-VP PRP$ B-NP NN I-NP IN B-PP NNP B-NP NNP I-NP TO B-VP VB I-VP JJ B-NP NNS I-NP IN B-SBAR NNP B-NP POS B-NP CD I-NP NNS I-NP .
NBEST_9 -27.6093 NNP B-NP NNP I-NP NNP I-NP POS B-NP NNP I-NP NN I-NP VBD B-VP PRP B-NP VBD B-VP DT B-NP JJ I-NP NN I-NP VBG B-VP PRP$ B-NP NN I-NP IN B-PP NNP B-NP NNP I-NP TO B-VP VB I-VP JJ B-NP NNS I-NP IN B-SBAR NNP B-NP POS B-NP CD I-NP NNS I-NP . O
NBEST_0 -16.6535 NNP I-NP VBD B-VP DT B-NP NN I-NP VBZ B-VP IN B-SBAR PRP B-NP TO B-VP VB I-VP CD B-NP JJ I-NP JJ I-NP NNS I-NP IN B-PP DT B-NP NNS I-NP .
NBEST_1 -16.6538 NNP I-NP VBD B-VP DT B-NP NN I-NP VBZ B-VP IN B-SBAR PRP B-NP TO B-VP VB I-VP CD B-NP JJ I-NP JJ I-NP NNS I-NP IN B-PP DT B-NP NNS I-NP . O
NBEST_2 -17.0006 NNP B-NP VBD B-VP DT B-NP NN I-NP VBZ B-VP IN B-SBAR PRP B-NP TO B-VP VB I-VP CD B-NP JJ I-NP JJ I-NP NNS I-NP IN B-PP DT B-NP NNS I-NP .
NBEST_3 -17.0009 NNP B-NP VBD B-VP DT B-NP NN I-NP VBZ B-VP IN B-SBAR PRP B-NP TO B-VP VB I-VP CD B-NP JJ I-NP JJ I-NP NNS I-NP IN B-PP DT B-NP NNS I-NP . O
NBEST_4 -17.3209 NNP I-NP VBD B-VP DT B-NP NN I-NP VBZ B-VP IN B-PP PRP B-NP TO B-VP VB I-VP CD B-NP JJ I-NP JJ I-NP NNS I-NP IN B-PP DT B-NP NNS I-NP .
NBEST_5 -17.3212 NNP I-NP VBD B-VP DT B-NP NN I-NP VBZ B-VP IN B-PP PRP B-NP TO B-VP VB I-VP CD B-NP JJ I-NP JJ I-NP NNS I-NP IN B-PP DT B-NP NNS I-NP . O
NBEST_6 -17.668 NNP B-NP VBD B-VP DT B-NP NN I-NP VBZ B-VP IN B-PP PRP B-NP TO B-VP VB I-VP CD B-NP JJ I-NP JJ I-NP NNS I-NP IN B-PP DT B-NP NNS I-NP .
NBEST_7 -17.6683 NNP B-NP VBD B-VP DT B-NP NN I-NP VBZ B-VP IN B-PP PRP B-NP TO B-VP VB I-VP CD B-NP JJ I-NP JJ I-NP NNS I-NP IN B-PP DT B-NP NNS I-NP . O
NBEST_8 -17.954 NNP I-NP VBD B-VP DT B-NP NN I-NP VBZ B-VP IN B-NP PRP B-NP TO B-VP VB I-VP CD B-NP JJ I-NP JJ I-NP NNS I-NP IN B-PP DT B-NP NNS I-NP .
NBEST_9 -17.9542 NNP I-NP VBD B-VP DT B-NP NN I-NP VBZ B-VP IN B-NP PRP B-NP TO B-VP VB I-VP CD B-NP JJ I-NP JJ I-NP NNS I-NP IN B-PP DT B-NP NNS I-NP . O
NBEST_0 -34.3829 DT B-NP VBP B-VP , O IN B-PP JJ B-NP NNS I-NP , O DT B-NP NN I-NP POS B-NP CD I-NP JJ I-NP NNS I-NP , O DT B-NP NN I-NP NN I-NP , O NN B-NP NN I-NP , O VBN B-VP VBG B-NP NNS I-NP IN B-PP DT B-NP NNS I-NP CC O DT B-NP JJ I-NP NN I-NP NN I-NP .
NBEST_1 -34.3831 DT B-NP VBP B-VP , O IN B-PP JJ B-NP NNS I-NP , O DT B-NP NN I-NP POS B-NP CD I-NP JJ I-NP NNS I-NP , O DT B-NP NN I-NP NN I-NP , O NN B-NP NN I-NP , O VBN B-VP VBG B-NP NNS I-NP IN B-PP DT B-NP NNS I-NP CC O DT B-NP JJ I-NP NN I-NP NN I-NP . O
NBEST_2 -34.56 DT B-NP VBP B-VP , O IN B-PP JJ B-NP NNS I-NP , O DT B-NP NN I-NP POS B-NP CD I-NP JJ I-NP NNS I-NP , O DT B-NP NN I-NP NN I-NP , O NN B-NP NN I-NP , O VBN B-PP VBG B-VP NNS B-NP IN B-PP DT B-NP NNS I-NP CC O DT B-NP JJ I-NP NN I-NP NN I-NP .
NBEST_3 -34.5602 DT B-NP VBP B-VP , O IN B-PP JJ B-NP NNS I-NP , O DT B-NP NN I-NP POS B-NP CD I-NP JJ I-NP NNS I-NP , O DT B-NP NN I-NP NN I-NP , O NN B-NP NN I-NP , O VBN B-PP VBG B-VP NNS B-NP IN B-PP DT B-NP NNS I-NP CC O DT B-NP JJ I-NP NN I-NP NN I-NP . O
NBEST_4 -34.748 DT B-NP VBP B-VP , O IN B-PP JJ B-NP NNS I-NP , O DT B-NP NN I-NP POS B-NP CD I-NP JJ I-NP NNS I-NP , O DT B-NP NN I-NP NN I-NP , O NN B-NP NN I-NP , O VBN B-VP VBG B-VP NNS B-NP IN B-PP DT B-NP NNS I-NP CC O DT B-NP JJ I-NP NN I-NP NN I-NP .
NBEST_5 -34.7482 DT B-NP VBP B-VP , O IN B-PP JJ B-NP NNS I-NP , O DT B-NP NN I-NP POS B-NP CD I-NP JJ I-NP NNS I-NP , O DT B-NP NN I-NP NN I-NP , O NN B-NP NN I-NP , O VBN B-VP VBG B-VP NNS B-NP IN B-PP DT B-NP NNS I-NP CC O DT B-NP JJ I-NP NN I-NP NN I-NP . O
NBEST_6 -34.8295 DT B-NP VBP B-VP , O IN B-PP JJ B-NP NNS I-NP , O DT B-NP NN I-NP POS B-NP CD I-NP JJ I-NP NNS I-NP , O DT B-NP NN I-NP NN I-NP , O NN B-NP NN I-NP , O VBN B-VP VBG I-VP NNS B-NP IN B-PP DT B-NP NNS I-NP CC O DT B-NP JJ I-NP NN I-NP NN I-NP .
NBEST_7 -34.8297 DT B-NP VBP B-VP , O IN B-PP JJ B-NP NNS I-NP , O DT B-NP NN I-NP POS B-NP CD I-NP JJ I-NP NNS I-NP , O DT B-NP NN I-NP NN I-NP , O NN B-NP NN I-NP , O VBN B-VP VBG I-VP NNS B-NP IN B-PP DT B-NP NNS I-NP CC O DT B-NP JJ I-NP NN I-NP NN I-NP . O
NBEST_8 -34.9343 DT B-NP VBP B-VP , O IN B-SBAR JJ B-NP NNS I-NP , O DT B-NP NN I-NP POS B-NP CD I-NP JJ I-NP NNS I-NP , O DT B-NP NN I-NP NN I-NP , O NN B-NP NN I-NP , O VBN B-VP VBG B-NP NNS I-NP IN B-PP DT B-NP NNS I-NP CC O DT B-NP JJ I-NP NN I-NP NN I-NP .
NBEST_9 -34.9345 DT B-NP VBP B-VP , O IN B-SBAR JJ B-NP NNS I-NP , O DT B-NP NN I-NP POS B-NP CD I-NP JJ I-NP NNS I-NP , O DT B-NP NN I-NP NN I-NP , O NN B-NP NN I-NP , O VBN B-VP VBG B-NP NNS I-NP IN B-PP DT B-NP NNS I-NP CC O DT B-NP JJ I-NP NN I-NP NN I-NP . O
NBEST_0 -19.9967 IN B-PP DT B-NP VBG I-NP NN I-NP , O NNP B-NP VBD B-VP , O PRP B-NP VBZ B-VP RB I-VP VBN I-VP CD B-NP IN B-PP DT B-NP NNS I-NP TO B-PP NNP B-NP .
NBEST_1 -20.0043 IN B-PP DT B-NP VBG I-NP NN I-NP , O NNP B-NP VBD B-VP , O PRP B-NP VBZ B-VP RB I-VP VBN I-VP CD B-NP IN B-PP DT B-NP NNS I-NP TO B-PP NNP B-NP . O
NBEST_2 -20.3824 IN B-PP DT B-NP VBG I-NP NN I-NP , O NNP B-NP VBD B-VP , O PRP B-NP VBZ B-VP RB B-NP VBN I-NP CD I-NP IN B-PP DT B-NP NNS I-NP TO B-PP NNP B-NP .
NBEST_3 -20.39 IN B-PP DT B-NP VBG I-NP NN I-NP , O NNP B-NP VBD B-VP , O PRP B-NP VBZ B-VP RB B-NP VBN I-NP CD I-NP IN B-PP DT B-NP NNS I-NP TO B-PP NNP B-NP . O
NBEST_4 -20.6591 IN B-PP DT B-NP VBG I-NP NN I-NP , O NNP B-NP VBD B-VP , O PRP B-NP VBZ B-VP RB B-ADVP VBN B-VP CD B-NP IN B-PP DT B-NP NNS I-NP TO B-PP NNP B-NP .
NBEST_5 -20.6667 IN B-PP DT B-NP VBG I-NP NN I-NP , O NNP B-NP VBD B-VP , O PRP B-NP VBZ B-VP RB B-ADVP VBN B-VP CD B-NP IN B-PP DT B-NP NNS I-NP TO B-PP NNP B-NP . O
NBEST_6 -20.9881 IN B-SBAR DT B-NP VBG I-NP NN I-NP , O NNP B-NP VBD B-VP , O PRP B-NP VBZ B-VP RB I-VP VBN I-VP CD B-NP IN B-PP DT B-NP NNS I-NP TO B-PP NNP B-NP .
NBEST_7 -20.9956 IN B-SBAR DT B-NP VBG I-NP NN I-NP , O NNP B-NP VBD B-VP , O PRP B-NP VBZ B-VP RB I-VP VBN I-VP CD B-NP IN B-PP DT B-NP NNS I-NP TO B-PP NNP B-NP . O
NBEST_8 -21.0573 IN B-PP DT B-NP VBG I-NP NN I-NP , O NNP B-NP VBD B-VP , O PRP B-NP VBZ B-VP RB I-NP VBN I-NP CD I-NP IN B-PP DT B-NP NNS I-NP TO B-PP NNP B-NP .
NBEST_9 -21.0648 IN B-PP DT B-NP VBG I-NP NN I-NP , O NNP B-NP VBD B-VP , O PRP B-NP VBZ B-VP RB I-NP VBN I-NP CD I-NP IN B-PP DT B-NP NNS I-NP TO B-PP NNP B-NP . O
NBEST_0 -20.5791 NNP I-NP , O VBN B-VP IN B-PP NNP B-NP NNP I-NP , O NNP B-NP , O VBZ B-VP DT B-NP NN I-NP , O NNS B-NP , O JJ B-NP CC I-NP NNS I-NP VBP B-VP .
NBEST_1 -20.586 NNP I-NP , O VBN B-VP IN B-PP NNP B-NP NNP I-NP , O NNP B-NP , O VBZ B-VP DT B-NP NN I-NP , O NNS B-NP , O JJ B-NP CC I-NP NNS I-NP VBP B-VP . O
NBEST_2 -21.0179 NNP B-NP , O VBN B-VP IN B-PP NNP B-NP NNP I-NP , O NNP B-NP , O VBZ B-VP DT B-NP NN I-NP , O NNS B-NP , O JJ B-NP CC I-NP NNS I-NP VBP B-VP .
NBEST_3 -21.0247 NNP B-NP , O VBN B-VP IN B-PP NNP B-NP NNP I-NP , O NNP B-NP , O VBZ B-VP DT B-NP NN I-NP , O NNS B-NP , O JJ B-NP CC I-NP NNS I-NP VBP B-VP . O
NBEST_4 -21.0801 NNP I-NP , O VBN B-PP IN B-PP NNP B-NP NNP I-NP , O NNP B-NP , O VBZ B-VP DT B-NP NN I-NP , O NNS B-NP , O JJ B-NP CC I-NP NNS I-NP VBP B-VP .
NBEST_5 -21.0869 NNP I-NP , O VBN B-PP IN B-PP NNP B-NP NNP I-NP , O NNP B-NP , O VBZ B-VP DT B-NP NN I-NP , O NNS B-NP , O JJ B-NP CC I-NP NNS I-NP VBP B-VP . O
NBEST_6 -21.1281 NNP I-NP , O VBN B-VP IN B-PP NNP B-NP NNP I-NP , O NNP B-NP , O VBZ B-VP DT B-NP NN I-NP , O NNS B-NP , I-NP JJ I-NP CC I-NP NNS I-NP VBP B-VP .
NBEST_7 -21.1349 NNP I-NP , O VBN B-VP IN B-PP NNP B-NP NNP I-NP , O NNP B-NP , O VBZ B-VP DT B-NP NN I-NP , O NNS B-NP , I-NP JJ I-NP CC I-NP NNS I-NP VBP B-VP . O
NBEST_8 -21.2043 NNP I-NP , O VBN B-VP IN B-PP NNP B-NP NNP I-NP , O NNP B-NP , O VBZ B-VP DT B-NP NN I-NP , O NNS B-NP , O JJ B-NP CC I-NP NNS I-NP VBP I-NP .
NBEST_9 -21.2204 NNP I-NP , O VBN B-VP IN B-PP NNP B-NP NNP I-NP , O NNP B-NP , O VBZ B-VP DT B-NP NN I-NP , I-NP NNS I-NP , O JJ B-NP CC I-NP NNS I-NP VBP B-VP .
NBEST_0 -23.7718 NNP B-NP NNP I-NP NNP I-NP VBD B-VP VBN I-VP TO B-PP DT B-NP NNS I-NP NN I-NP POS B-NP NN I-NP , O VBG B-VP DT B-NP NN I-NP VBN B-VP IN B-PP DT B-NP NN I-NP IN B-PP NNP B-NP NNP I-NP JJ I-NP NNP I-NP .
NBEST_1 -23.7787 NNP B-NP NNP I-NP NNP I-NP VBD B-VP VBN I-VP TO B-PP DT B-NP NNS I-NP NN I-NP POS B-NP NN I-NP , O VBG B-VP DT B-NP NN I-NP VBN B-VP IN B-PP DT B-NP NN I-NP IN B-PP NNP B-NP NNP I-NP JJ I-NP NNP I-NP . O
NBEST_2 -23.8442 NNP I-NP NNP I-NP NNP I-NP VBD B-VP VBN I-VP TO B-PP DT B-NP NNS I-NP NN I-NP POS B-NP NN I-NP , O VBG B-VP DT B-NP NN I-NP VBN B-VP IN B-PP DT B-NP NN I-NP IN B-PP NNP B-NP NNP I-NP JJ I-NP NNP I-NP .
NBEST_3 -23.8511 NNP I-NP NNP I-NP NNP I-NP VBD B-VP VBN I-VP TO B-PP DT B-NP NNS I-NP NN I-NP POS B-NP NN I-NP , O VBG B-VP DT B-NP NN I-NP VBN B-VP IN B-PP DT B-NP NN I-NP IN B-PP NNP B-NP NNP I-NP JJ I-NP NNP I-NP . O
NBEST_4 -24.0232 NNP B-NP NNP I-NP NNP I-NP VBD B-VP VBN I-VP TO B-PP DT B-NP NNS I-NP NN I-NP POS B-NP NN I-NP , O VBG B-VP DT B-NP NN I-NP VBN B-VP IN B-PP DT B-NP NN I-NP IN B-PP NNP B-NP NNP I-NP JJ B-NP NNP I-NP .
NBEST_5 -24.0301 NNP B-NP NNP I-NP NNP I-NP VBD B-VP VBN I-VP TO B-PP DT B-NP NNS I-NP NN I-NP POS B-NP NN I-NP , O VBG B-VP DT B-NP NN I-NP VBN B-VP IN B-PP DT B-NP NN I-NP IN B-PP NNP B-NP NNP I-NP JJ B-NP NNP I-NP . O
NBEST_6 -24.0956 NNP I-NP NNP I-NP NNP I-NP VBD B-VP VBN I-VP TO B-PP DT B-NP NNS I-NP NN I-NP POS B-NP NN I-NP , O VBG B-VP DT B-NP NN I-NP VBN B-VP IN B-PP DT B-NP NN I-NP IN B-PP NNP B-NP NNP I-NP JJ B-NP NNP I-NP .
NBEST_7 -24.1025 NNP I-NP NNP I-NP NNP I-NP VBD B-VP VBN I-VP TO B-PP DT B-NP NNS I-NP NN I-NP POS B-NP NN I-NP , O VBG B-VP DT B-NP NN I-NP VBN B-VP IN B-PP DT B-NP NN I-NP IN B-PP NNP B-NP NNP I-NP JJ B-NP NNP I-NP . O
NBEST_8 -24.1719 NNP B-NP NNP I-NP NNP I-NP VBD B-VP VBN I-VP TO B-PP DT B-NP NNS I-NP NN I-NP POS B-NP NN I-NP , O VBG B-PP DT B-NP NN I-NP VBN B-VP IN B-PP DT B-NP NN I-NP IN B-PP NNP B-NP NNP I-NP JJ I-NP NNP I-NP .
NBEST_9 -24.1788 NNP B-NP NNP I-NP NNP I-NP VBD B-VP VBN I-VP TO B-PP DT B-NP NNS I-NP NN I-NP POS B-NP NN I-NP , O VBG B-PP DT B-NP NN I-NP VBN B-VP IN B-PP DT B-NP NN I-NP IN B-PP NNP B-NP NNP I-NP JJ I-NP NNP I-NP . O
NBEST_0 -14.7125 NNP I-NP NNP I-NP , O CD B-NP NNS I-NP JJ B-ADJP , O VBN B-VP IN B-PP NN B-NP NN I-NP IN B-PP DT B-NP NNP I-NP NN I-NP .
NBEST_1 -14.7126 NNP I-NP NNP I-NP , O CD B-NP NNS I-NP JJ B-ADJP , O VBN B-VP IN B-PP NN B-NP NN I-NP IN B-PP DT B-NP NNP I-NP NN I-NP . O
NBEST_2 -14.7306 NNP B-NP NNP I-NP , O CD B-NP NNS I-NP JJ B-ADJP , O VBN B-VP IN B-PP NN B-NP NN I-NP IN B-PP DT B-NP NNP I-NP NN I-NP .
NBEST_3 -14.7307 NNP B-NP NNP I-NP , O CD B-NP NNS I-NP JJ B-ADJP , O VBN B-VP IN B-PP NN B-NP NN I-NP IN B-PP DT B-NP NNP I-NP NN I-NP . O
NBEST_4 -15.0356 NNP I-NP NNP I-NP , I-NP CD I-NP NNS I-NP JJ B-ADJP , O VBN B-VP IN B-PP NN B-NP NN I-NP IN B-PP DT B-NP NNP I-NP NN I-NP .
NBEST_5 -15.0357 NNP I-NP NNP I-NP , I-NP CD I-NP NNS I-NP JJ B-ADJP , O VBN B-VP IN B-PP NN B-NP NN I-NP IN B-PP DT B-NP NNP I-NP NN I-NP . O
NBEST_6 -15.0537 NNP B-NP NNP I-NP , I-NP CD I-NP NNS I-NP JJ B-ADJP , O VBN B-VP IN B-PP NN B-NP NN I-NP IN B-PP DT B-NP NNP I-NP NN I-NP .
NBEST_7 -15.0538 NNP B-NP NNP I-NP , I-NP CD I-NP NNS I-NP JJ B-ADJP , O VBN B-VP IN B-PP NN B-NP NN I-NP IN B-PP DT B-NP NNP I-NP NN I-NP . O
NBEST_8 -15.1963 NNP I-NP NNP I-NP , O CD B-NP NNS I-NP JJ B-ADJP , O VBN B-PP IN B-PP NN B-NP NN I-NP IN B-PP DT B-NP NNP I-NP NN I-NP .
NBEST_9 -15.1965 NNP I-NP NNP I-NP , O CD B-NP NNS I-NP JJ B-ADJP , O VBN B-PP IN B-PP NN B-NP NN I-NP IN B-PP DT B-NP NNP I-NP NN I-NP . O
NBEST_0 -13.9466 IN B-PP NNP B-NP , O PRP B-NP VBD B-VP DT B-NP NN I-NP IN B-PP NN B-NP NN I-NP IN B-PP NNP B-NP NNP I-NP , O DT B-NP NN I-NP NN I-NP NN I-NP .
NBEST_1 -13.9468 IN B-PP NNP B-NP , O PRP B-NP VBD B-VP DT B-NP NN I-NP IN B-PP NN B-NP NN I-NP IN B-PP NNP B-NP NNP I-NP , O DT B-NP NN I-NP NN I-NP NN I-NP . O
NBEST_2 -15.4036 IN B-PP NNP B-NP , O PRP B-NP VBD B-VP DT B-NP NN I-NP IN B-PP NN B-NP NN I-NP IN B-PP NNP B-NP NNP I-NP , O DT B-NP NN I-NP NN I-NP NN B-NP .
NBEST_3 -15.4046 IN B-PP NNP B-NP , O PRP B-NP VBD B-VP DT B-NP NN I-NP IN B-PP NN B-NP NN I-NP IN B-PP NNP B-NP NNP I-NP , O DT B-NP NN I-NP NN I-NP NN B-NP . O
NBEST_4 -15.5953 IN B-SBAR NNP B-NP , O PRP B-NP VBD B-VP DT B-NP NN I-NP IN B-PP NN B-NP NN I-NP IN B-PP NNP B-NP NNP I-NP , O DT B-NP NN I-NP NN I-NP NN I-NP .
NBEST_5 -15.5955 IN B-SBAR NNP B-NP , O PRP B-NP VBD B-VP DT B-NP NN I-NP IN B-PP NN B-NP NN I-NP IN B-PP NNP B-NP NNP I-NP , O DT B-NP NN I-NP NN I-NP NN I-NP . O
NBEST_6 -15.6291 IN B-PP NNP B-NP , O PRP B-NP VBD B-VP DT B-NP NN I-NP IN B-PP NN B-NP NN I-NP IN B-SBAR NNP B-NP NNP I-NP , O DT B-NP NN I-NP NN I-NP NN I-NP .
NBEST_7 -15.6293 IN B-PP NNP B-NP , O PRP B-NP VBD B-VP DT B-NP NN I-NP IN B-PP NN B-NP NN I-NP IN B-SBAR NNP B-NP NNP I-NP , O DT B-NP NN I-NP NN I-NP NN I-NP . O
NBEST_8 -15.7389 IN B-PP NNP B-NP , O PRP B-NP VBD B-VP DT B-NP NN I-NP IN B-SBAR NN B-NP NN I-NP IN B-PP NNP B-NP NNP I-NP , O DT B-NP NN I-NP NN I-NP NN I-NP .
NBEST_9 -15.7391 IN B-PP NNP B-NP , O PRP B-NP VBD B-VP DT B-NP NN I-NP IN B-SBAR NN B-NP NN I-NP IN B-PP NNP B-NP NNP I-NP , O DT B-NP NN I-NP NN I-NP NN I-NP . O
NBEST_0 -2.80658 NNP B-NP NNP I-NP NNP I-NP NNP I-NP .
NBEST_1 -2.81353 NNP B-NP NNP I-NP NNP I-NP NNP I-NP . O
NBEST_2 -2.87896 NNP I-NP NNP I-NP NNP I-NP NNP I-NP .
NBEST_3 -2.88592 NNP I-NP NNP I-NP NNP I-NP NNP I-NP . O
NBEST_4 -4.69244 NNP B-NP NNP I-NP NNP I-NP NNP I-NP . I-NP
NBEST_5 -4.76483 NNP I-NP NNP I-NP NNP I-NP NNP I-NP . I-NP
NBEST_6 -4.81141 NNP B-NP NNP I-NP NNP I-NP NNP B-NP .
NBEST_7 -4.81896 NNP B-NP NNP I-NP NNP I-NP NNP B-NP . O
NBEST_8 -4.8838 NNP I-NP NNP I-NP NNP I-NP NNP B-NP .
NBEST_9 -4.89135 NNP I-NP NNP I-NP NNP I-NP NNP B-NP . O
NBEST_0 -30.1356 NNP B-NP NNP I-NP NNP I-NP , O CD B-NP NNS I-NP JJ B-ADJP , O VBD B-VP VBN I-VP NN B-NP CC O JJ B-NP VBG I-NP NN I-NP IN B-PP NNP B-NP NNP I-NP , O DT B-NP NNP I-NP , O NNP B-NP , O NN B-NP IN B-PP DT B-NP NNP I-NP NNP I-NP NN I-NP NN I-NP NN I-NP .
NBEST_1 -30.1358 NNP B-NP NNP I-NP NNP I-NP , O CD B-NP NNS I-NP JJ B-ADJP , O VBD B-VP VBN I-VP NN B-NP CC O JJ B-NP VBG I-NP NN I-NP IN B-PP NNP B-NP NNP I-NP , O DT B-NP NNP I-NP , O NNP B-NP , O NN B-NP IN B-PP DT B-NP NNP I-NP NNP I-NP NN I-NP NN I-NP NN I-NP . O
NBEST_2 -30.208 NNP I-NP NNP I-NP NNP I-NP , O CD B-NP NNS I-NP JJ B-ADJP , O VBD B-VP VBN I-VP NN B-NP CC O JJ B-NP VBG I-NP NN I-NP IN B-PP NNP B-NP NNP I-NP , O DT B-NP NNP I-NP , O NNP B-NP , O NN B-NP IN B-PP DT B-NP NNP I-NP NNP I-NP NN I-NP NN I-NP NN I-NP .
NBEST_3 -30.2082 NNP I-NP NNP I-NP NNP I-NP , O CD B-NP NNS I-NP JJ B-ADJP , O VBD B-VP VBN I-VP NN B-NP CC O JJ B-NP VBG I-NP NN I-NP IN B-PP NNP B-NP NNP I-NP , O DT B-NP NNP I-NP , O NNP B-NP , O NN B-NP IN B-PP DT B-NP NNP I-NP NNP I-NP NN I-NP NN I-NP NN I-NP . O
NBEST_4 -30.4587 NNP B-NP NNP I-NP NNP I-NP , I-NP CD I-NP NNS I-NP JJ B-ADJP , O VBD B-VP VBN I-VP NN B-NP CC O JJ B-NP VBG I-NP NN I-NP IN B-PP NNP B-NP NNP I-NP , O DT B-NP NNP I-NP , O NNP B-NP , O NN B-NP IN B-PP DT B-NP NNP I-NP NNP I-NP NN I-NP NN I-NP NN I-NP .
NBEST_5 -30.4589 NNP B-NP NNP I-NP NNP I-NP , I-NP CD I-NP NNS I-NP JJ B-ADJP , O VBD B-VP VBN I-VP NN B-NP CC O JJ B-NP VBG I-NP NN I-NP IN B-PP NNP B-NP NNP I-NP , O DT B-NP NNP I-NP , O NNP B-NP , O NN B-NP IN B-PP DT B-NP NNP I-NP NNP I-NP NN I-NP NN I-NP NN I-NP . O
NBEST_6 -30.5311 NNP I-NP NNP I-NP NNP I-NP , I-NP CD I-NP NNS I-NP JJ B-ADJP , O VBD B-VP VBN I-VP NN B-NP CC O JJ B-NP VBG I-NP NN I-NP IN B-PP NNP B-NP NNP I-NP , O DT B-NP NNP I-NP , O NNP B-NP , O NN B-NP IN B-PP DT B-NP NNP I-NP NNP I-NP NN I-NP NN I-NP NN I-NP .
NBEST_7 -30.5313 NNP I-NP NNP I-NP NNP I-NP , I-NP CD I-NP NNS I-NP JJ B-ADJP , O VBD B-VP VBN I-VP NN B-NP CC O JJ B-NP VBG I-NP NN I-NP IN B-PP NNP B-NP NNP I-NP , O DT B-NP NNP I-NP , O NNP B-NP , O NN B-NP IN B-PP DT B-NP NNP I-NP NNP I-NP NN I-NP NN I-NP NN I-NP . O
NBEST_8 -30.5867 NNP B-NP NNP I-NP NNP I-NP , O CD B-NP NNS I-NP JJ B-ADJP , O VBD B-VP VBN I-VP NN B-NP CC O JJ B-NP VBG I-NP NN I-NP IN B-PP NNP B-NP NNP I-NP , O DT B-NP NNP I-NP , O NNP B-NP , I-NP NN I-NP IN B-PP DT B-NP NNP I-NP NNP I-NP NN I-NP NN I-NP NN I-NP .
NBEST_9 -30.5869 NNP B-NP NNP I-NP NNP I-NP , O CD B-NP NNS I-NP JJ B-ADJP , O VBD B-VP VBN I-VP NN B-NP CC O JJ B-NP VBG I-NP NN I-NP IN B-PP NNP B-NP NNP I-NP , O DT B-NP NNP I-NP , O NNP B-NP , I-NP NN I-NP IN B-PP DT B-NP NNP I-NP NNP I-NP NN I-NP NN I-NP NN I-NP . O
