reading 68 1-grams
reading 869 2-grams
reading 3131 3-grams
reading 8103 4-grams
