using WittenBell for 1-grams
using WittenBell for 2-grams
using WittenBell for 3-grams
discarded 1 1-gram probs predicting pseudo-events
warning: distributing 0.00830872 left-over probability mass over 6550 zeroton words
discarded 2 2-gram contexts containing pseudo-events
discarded 2625 2-gram probs predicting pseudo-events
discarded 10919 3-gram contexts containing pseudo-events
discarded 6418 3-gram probs predicting pseudo-events
discarded 1058719 3-gram probs discounted to zero
inserted 860 redundant 2-gram probs
writing 33110 1-grams
writing 423904 2-grams
writing 267544 3-grams
reading 33110 1-grams
reading 423904 2-grams
reading 267544 3-grams
pruned 87865 3-grams
pruned 55535 2-grams
writing 33110 1-grams
writing 368369 2-grams
writing 179679 3-grams
