reading 33110 1-grams
reading 425750 2-grams
reading 268962 3-grams
reading 22766 1-grams
reading 81348 2-grams
reading 203383 3-grams
reading 33110 1-grams
reading 425750 2-grams
reading 268962 3-grams
