file ../ngram-count-gt/eval97.text: 5290 sentences, 38238 words, 681 OOVs
0 zeroprobs, logprob= -88959.6 ppl= 119.183 ppl1= 233.698
