i was going to make some if you would tell me how to make them what do you what do you think
1 sentences, 22 words, 0 OOVs
0 zeroprobs, logprob= -31.6819 ppl= 23.8491 ppl1= 27.5476

you don't you don't know at all huh all right
1 sentences, 10 words, 0 OOVs
0 zeroprobs, logprob= -20.1232 ppl= 67.5122 ppl1= 102.878

file -: 2 sentences, 32 words, 0 OOVs
0 zeroprobs, logprob= -51.8051 ppl= 33.3948 ppl1= 41.5823
