Counting counts of order 2
Counting counts of order 3
maxent model estimation not supported (requires liblbfgs)
