file ../ngram-count-gt/eval97.text: 5290 sentences, 38238 words, 681 OOVs
0 zeroprobs, logprob= -86327.3 ppl= 103.462 ppl1= 198.869
