i've got a bad feeling
	p( i've | <s> ) 	= [2gram] 0.0012054 [ -2.91887 ]
	p( got | i've ...) 	= [3gram] 0.55 [ -0.259637 ]
	p( a | got ...) 	= [3gram] 0.0769231 [ -1.11394 ]
	p( bad | a ...) 	= [1gram] 6.1656e-05 [ -4.21002 ]
	p( feeling | bad ...) 	= [1gram] 2.86269e-06 [ -5.54323 ]
	p( </s> | feeling ...) 	= [1gram] 0.0784572 [ -1.10537 ]
1 sentences, 5 words, 0 OOVs
0 zeroprobs, logprob= -15.1511 ppl= 335.102 ppl1= 1072.05

i've got a good feeling
	p( i've | <s> ) 	= [2gram] 0.0012054 [ -2.91887 ]
	p( got | i've ...) 	= [3gram] 0.55 [ -0.259637 ]
	p( a | got ...) 	= [3gram] 0.0769231 [ -1.11394 ]
	p( good | a ...) 	= [2gram] 0.00368664 [ -2.43337 ]
	p( feeling | good ...) 	= [1gram] 3.27375e-06 [ -5.48495 ]
	p( </s> | feeling ...) 	= [1gram] 0.0784572 [ -1.10537 ]
1 sentences, 5 words, 0 OOVs
0 zeroprobs, logprob= -13.3161 ppl= 165.713 ppl1= 460.498

file -: 2 sentences, 10 words, 0 OOVs
0 zeroprobs, logprob= -28.4672 ppl= 235.65 ppl1= 702.62
***foo 1
	p( i've | <s> ) 	= [2gram] 0.0012054 [ -2.91887 ]
	p( got | i've <s> ) 	= [3gram] 0.55 [ -0.259637 ]
	p( feeling | bad a ) 	= [1gram] 2.86269e-06 [ -5.54323 ]
	p( </s> | feeling bad ) 	= [1gram] 0.0784572 [ -1.10537 ]
	p( bad | a got ) 	= [1gram] 6.1656e-05 [ -4.21002 ]
	p( a | got i've ) 	= [3gram] 0.0769231 [ -1.11394 ]
1 sentences, 5 words, 0 OOVs
0 zeroprobs, logprob= -15.1511 ppl= 335.102 ppl1= 1072.05

***foo 2
	p( i've | <s> ) 	= [2gram] 0.0012054 [ -2.91887 ]
	p( got | i've <s> ) 	= [3gram] 0.55 [ -0.259637 ]
	p( feeling | good a ) 	= [1gram] 3.27375e-06 [ -5.48495 ]
	p( </s> | feeling good ) 	= [1gram] 0.0784572 [ -1.10537 ]
	p( good | a got ) 	= [2gram] 0.00368664 [ -2.43337 ]
	p( a | got i've ) 	= [3gram] 0.0769231 [ -1.11394 ]
1 sentences, 5 words, 0 OOVs
0 zeroprobs, logprob= -13.3161 ppl= 165.713 ppl1= 460.499

file -: 2 sentences, 10 words, 0 OOVs
0 zeroprobs, logprob= -28.4672 ppl= 235.65 ppl1= 702.62
